../components/phOsal/src/NullOs/portable/phOsal_Port_PN76xx.c:79:12:phOsal_InitTickTimer	16	static
../components/phOsal/src/NullOs/portable/phOsal_Port_PN76xx.c:95:13:phOsal_ConfigTick	8	static
../components/phOsal/src/NullOs/portable/phOsal_Port_PN76xx.c:118:12:phOsal_StartTickTimer	32	static
../components/phOsal/src/NullOs/portable/phOsal_Port_PN76xx.c:127:12:phOsal_StopTickTimer	4	static
../components/phOsal/src/NullOs/portable/phOsal_Port_PN76xx.c:136:6:phOsal_EnterCriticalSection	4	static
../components/phOsal/src/NullOs/portable/phOsal_Port_PN76xx.c:141:6:phOsal_ExitCriticalSection	4	static
../components/phOsal/src/NullOs/portable/phOsal_Port_PN76xx.c:146:6:phOsal_Sleep	4	static
../components/phOsal/src/NullOs/portable/phOsal_Port_PN76xx.c:151:6:phOsal_WakeUp	4	static
../components/phOsal/src/NullOs/portable/phOsal_Port_PN76xx.c:156:6:SysTick_Handler	16	static
