C:\Users\NobbyXP\Documents\NHS3152\NFC\pnev7642fama_NfcrdlibEx4_MIFAREClassic_Bm_Pub\CMSIS/core_cm33.h:2378:22:__NVIC_EnableIRQ	16	static
../components/CLIF/Clif.c:389:13:NVIC_EnableBmaErrorInterrupts	16	static
../components/CLIF/Clif.c:400:17:PN76_GetRegisterField	32	static
../components/CLIF/Clif.c:408:27:PN76_Clif_ConfigFDT	24	static
../components/CLIF/Clif.c:442:23:PN76_GetInternalRfField	16	static
../components/CLIF/Clif.c:448:27:PN76_Clif_RxError	24	static
../components/CLIF/Clif.c:511:13:PN76_Clif_GetRxFrame	24	static
../components/CLIF/Clif.c:535:27:PN76_Clif_TimerStart	48	static
../components/CLIF/Clif.c:614:13:PN76_Clif_BmaErrorHandler	16	static
../components/CLIF/Clif.c:628:13:PN76_Clif_CbRFOFFDETIrq	8	static
../components/CLIF/Clif.c:662:13:PN76_Clif_CbTimer0Irq	8	static
../components/CLIF/Clif.c:672:13:PN76_Clif_CbRXIrq	8	static
../components/CLIF/Clif.c:690:13:PN76_Clif_CbSCDETIrq	8	static
../components/CLIF/Clif.c:708:13:PN76_Clif_CbFDTIrq	16	static
../components/CLIF/Clif.c:741:13:PN76_Clif_CbTXIrq	8	static
../components/CLIF/Clif.c:751:13:PN76_Clif_TxIrqGuardCb	16	static
../components/CLIF/Clif.c:780:13:PN76_Clif_RxIrqGuardCb	16	static
../components/CLIF/Clif.c:802:27:PN76_Clif_AddDigitalDelay	24	static
../components/CLIF/Clif.c:829:27:PN76_Clif_Get_Digital_Delay	24	static
../components/CLIF/Clif.c:956:27:PN76_Clif_MfcSaveState	16	static
../components/CLIF/Clif.c:992:27:PN76_Clif_MfcRestoreState	16	static
../components/CLIF/Clif.c:1030:27:PN76_Clif_MfcAuth_Tx_Prologue_Before_Send	32	static
../components/CLIF/Clif.c:1115:27:PN76_Clif_RxData	24	static
../components/CLIF/Clif.c:1129:27:PN76_Clif_MfcAuth1	72	static
../components/CLIF/Clif.c:1259:27:PN76_Clif_MfcAuth2	56	static
../components/CLIF/Clif.c:1387:27:PN76_Clif_Int_DeInit	16	static
../components/CLIF/Clif.c:1572:6:BMA_IRQHandler	16	static
../components/CLIF/Clif.c:1588:20:PN76_Clif_Init	16	static
../components/CLIF/Clif.c:1650:20:PN76_Clif_LoadRfConfiguration	16	static
../components/CLIF/Clif.c:1655:20:PN76_Clif_RetrieveRfConfiguration	24	static
../components/CLIF/Clif.c:1660:6:PN76_Clif_GetLoadedRxConfig	16	static
../components/CLIF/Clif.c:1665:20:PN76_Clif_FieldON	16	static
../components/CLIF/Clif.c:1670:6:PN76_Clif_FieldOFF	8	static
../components/CLIF/Clif.c:1675:20:PN76_Clif_Exchange	80	static
../components/CLIF/Clif.c:2003:20:PN76_Clif_Transmit	48	static
../components/CLIF/Clif.c:2155:20:PN76_Clif_Receive	56	static
../components/CLIF/Clif.c:2372:20:PN76_Clif_MfcAuth	48	static
../components/CLIF/Clif.c:2442:6:PN76_Clif_CheckAutocollDuringStandby	24	static
../components/CLIF/Clif.c:2542:20:PN76_Clif_Autocoll	80	static
../components/CLIF/Clif.c:2651:20:PN76_Clif_LPCD	32	static
../components/CLIF/Clif.c:2702:27:PN76_Clif_SendData	48	static
../components/CLIF/Clif.c:2854:20:PN76_Clif_EventWaitAny	24	static
../components/CLIF/Clif.c:2864:6:PN76_Clif_EventConsumeAll	8	static
../components/CLIF/Clif.c:2870:20:PN76_Clif_AbortEvent	8	static
../components/CLIF/Clif.c:2891:20:PN76_Clif_Set_PollGuardTimer	24	static
../components/CLIF/Clif.c:2908:20:PN76_Clif_PCD_GetExchgFdt	48	static
../components/CLIF/Clif.c:2951:20:PN76_Clif_Wait	32	static
../components/CLIF/Clif.c:3014:20:PN76_Clif_ReadRegister	24	static
../components/CLIF/Clif.c:3028:20:PN76_Clif_DeInit	16	static
../components/CLIF/Clif.c:3046:6:CLIF_DriverIRQHandler	24	static
../components/CLIF/Clif.c:3248:20:PN76_Clif_EpcGen2Inventory	40	static
../components/CLIF/Clif.c:3290:18:PN76_Clif_Epc_Rf_GetTxBuffer	4	static
../components/CLIF/Clif.c:3295:13:PN76_Clif_Epc_Config	32	static
../components/CLIF/Clif.c:3354:27:PN76_Clif_Epc_Tx_Prologue_Before_Send	40	static
../components/CLIF/Clif.c:3467:27:PN76_Clif_Epc_TxRxWaitIRQ	48	static
../components/CLIF/Clif.c:3555:27:PN76_Clif_Epc_Select	40	static
../components/CLIF/Clif.c:3606:27:PN76_Clif_Epc_BeginRound	64	static
../components/CLIF/Clif.c:3712:27:PN76_Clif_Epc_Ack	64	static
../components/CLIF/Clif.c:3821:27:PN76_Clif_Epc_NextSlot	56	static
../components/CLIF/Clif.c:4056:27:PN76_Clif_Epc_ReqRN	56	static
../components/CLIF/Clif.c:4128:20:PN76_Clif_Epc_DetectCard	32	static
../components/CLIF/Clif.c:4233:13:PN76_Clif_Epc_BufferInit	16	static
../components/CLIF/Clif.c:4246:20:PN76_Clif_Epc_ReActivate	24	static
../components/CLIF/Clif.c:4308:20:PN76_Clif_Epc_ResumeActivation	16	static
../components/CLIF/Clif.c:4353:20:PN76_Clif_Epc_ActivateCard	24	static
../components/CLIF/Clif.c:4485:20:PN76_Clif_Epc_TagInventoryInfo	24	static
