../startup/startup_pn7642.c:289:6:data_init	4	static
../startup/startup_pn7642.c:298:6:bss_init	0	static
../startup/startup_pn7642.c:323:6:ResetISR	0	static
../startup/startup_pn7642.c:414:14:NMI_Handler	0	static
../startup/startup_pn7642.c:418:14:HardFault_Handler	0	static
../startup/startup_pn7642.c:422:14:MemManage_Handler	0	static
../startup/startup_pn7642.c:426:14:BusFault_Handler	0	static
../startup/startup_pn7642.c:430:14:UsageFault_Handler	0	static
../startup/startup_pn7642.c:434:14:SecureFault_Handler	0	static
../startup/startup_pn7642.c:438:14:SVC_Handler	0	static
../startup/startup_pn7642.c:442:14:DebugMon_Handler	0	static
../startup/startup_pn7642.c:446:14:PendSV_Handler	0	static
../startup/startup_pn7642.c:450:14:SysTick_Handler	0	static
../startup/startup_pn7642.c:458:14:IntDefaultHandler	0	static
../startup/startup_pn7642.c:468:11:GPT_IRQHandler	8	static
../startup/startup_pn7642.c:472:11:BMA_IRQHandler	8	static
../startup/startup_pn7642.c:476:11:Reserved18_IRQHandler	8	static
../startup/startup_pn7642.c:480:11:CLIF_IRQHandler	8	static
../startup/startup_pn7642.c:484:11:SECURE4_IRQHandler	8	static
../startup/startup_pn7642.c:488:11:SECURE5_IRQHandler	8	static
../startup/startup_pn7642.c:492:11:GPDMA_IRQHandler	8	static
../startup/startup_pn7642.c:496:11:PCRM_IRQHandler	8	static
../startup/startup_pn7642.c:500:11:Reserved24_IRQHandler	8	static
../startup/startup_pn7642.c:504:11:HOSTIF_IRQHandler	8	static
../startup/startup_pn7642.c:508:11:SECURE10_IRQHandler	8	static
../startup/startup_pn7642.c:512:11:SECURE11_IRQHandler	8	static
../startup/startup_pn7642.c:516:11:SECURE12_IRQHandler	8	static
../startup/startup_pn7642.c:520:11:Reserved29_IRQHandler	8	static
../startup/startup_pn7642.c:524:11:Reserved30_IRQHandler	8	static
../startup/startup_pn7642.c:528:11:Reserved31_IRQHandler	8	static
../startup/startup_pn7642.c:532:11:Reserved32_IRQHandler	8	static
../startup/startup_pn7642.c:536:11:SECURE17_IRQHandler	8	static
../startup/startup_pn7642.c:540:11:I2C_IRQHandler	8	static
../startup/startup_pn7642.c:544:11:SPI_IRQHandler	8	static
../startup/startup_pn7642.c:548:11:SPI_FIFO_IRQHandler	8	static
../startup/startup_pn7642.c:552:11:SECURE21_IRQHandler	8	static
../startup/startup_pn7642.c:556:11:SECURE22_IRQHandler	8	static
../startup/startup_pn7642.c:560:11:SECURE23_IRQHandler	8	static
../startup/startup_pn7642.c:564:11:CT_IRQHandler	8	static
../startup/startup_pn7642.c:568:11:USB_IRQHandler	8	static
../startup/startup_pn7642.c:572:11:SCT_IRQHandler	8	static
../startup/startup_pn7642.c:576:11:Reserved43_IRQHandler	8	static
../startup/startup_pn7642.c:580:11:LPUART_RX_IRQHandler	8	static
../startup/startup_pn7642.c:584:11:LPUART_TX_IRQHandler	8	static
../startup/startup_pn7642.c:588:11:Reserved46_IRQHandler	8	static
../startup/startup_pn7642.c:592:11:GPIO0_IRQHandler	8	static
../startup/startup_pn7642.c:596:11:GPIO1_IRQHandler	8	static
../startup/startup_pn7642.c:600:11:GPIO2_IRQHandler	8	static
../startup/startup_pn7642.c:604:11:GPIO3_IRQHandler	8	static
../startup/startup_pn7642.c:608:11:GPIO_IRQHandler	8	static
../startup/startup_pn7642.c:612:11:Reserved52_IRQHandler	8	static
../startup/startup_pn7642.c:616:11:USB_VBUS_IRQHandler	8	static
../startup/startup_pn7642.c:620:11:Reserved54_IRQHandler	8	static
../startup/startup_pn7642.c:624:11:Reserved55_IRQHandler	8	static
../startup/startup_pn7642.c:628:11:Reserved56_IRQHandler	8	static
../startup/startup_pn7642.c:632:11:Reserved57_IRQHandler	8	static
../startup/startup_pn7642.c:636:11:SECURE42_IRQHandler	8	static
../startup/startup_pn7642.c:640:11:SECURE43_IRQHandler	8	static
../startup/startup_pn7642.c:644:11:SECURE44_IRQHandler	8	static
../startup/startup_pn7642.c:648:11:SECURE45_IRQHandler	8	static
