../rtt/RTT/SEGGER_RTT.c:311:13:_DoInit	16	static
../rtt/RTT/SEGGER_RTT.c:369:17:_WriteBlocking	48	static
../rtt/RTT/SEGGER_RTT.c:431:13:_WriteNoCheck	40	static
../rtt/RTT/SEGGER_RTT.c:499:13:_PostTerminalSwitch	24	static
../rtt/RTT/SEGGER_RTT.c:521:17:_GetAvailWriteSpace	32	static
../rtt/RTT/SEGGER_RTT.c:568:10:SEGGER_RTT_ReadUpBufferNoLock	56	static
../rtt/RTT/SEGGER_RTT.c:660:10:SEGGER_RTT_ReadNoLock	56	static
../rtt/RTT/SEGGER_RTT.c:757:10:SEGGER_RTT_ReadUpBuffer	32	static
../rtt/RTT/SEGGER_RTT.c:789:10:SEGGER_RTT_Read	32	static
../rtt/RTT/SEGGER_RTT.c:828:6:SEGGER_RTT_WriteWithOverwriteNoLock	40	static
../rtt/RTT/SEGGER_RTT.c:1019:10:SEGGER_RTT_WriteDownBufferNoLock	40	static
../rtt/RTT/SEGGER_RTT.c:1094:10:SEGGER_RTT_WriteNoLock	40	static
../rtt/RTT/SEGGER_RTT.c:1170:10:SEGGER_RTT_WriteDownBuffer	40	static
../rtt/RTT/SEGGER_RTT.c:1199:10:SEGGER_RTT_Write	40	static
../rtt/RTT/SEGGER_RTT.c:1229:10:SEGGER_RTT_WriteString	24	static
../rtt/RTT/SEGGER_RTT.c:1259:10:SEGGER_RTT_PutCharSkipNoLock	32	static
../rtt/RTT/SEGGER_RTT.c:1309:10:SEGGER_RTT_PutCharSkip	40	static
../rtt/RTT/SEGGER_RTT.c:1368:10:SEGGER_RTT_PutChar	40	static
../rtt/RTT/SEGGER_RTT.c:1431:5:SEGGER_RTT_GetKey	16	static
../rtt/RTT/SEGGER_RTT.c:1459:5:SEGGER_RTT_WaitKey	16	static
../rtt/RTT/SEGGER_RTT.c:1482:5:SEGGER_RTT_HasKey	24	static
../rtt/RTT/SEGGER_RTT.c:1510:10:SEGGER_RTT_HasData	24	static
../rtt/RTT/SEGGER_RTT.c:1531:10:SEGGER_RTT_HasDataUp	24	static
../rtt/RTT/SEGGER_RTT.c:1559:5:SEGGER_RTT_AllocDownBuffer	40	static
../rtt/RTT/SEGGER_RTT.c:1607:5:SEGGER_RTT_AllocUpBuffer	40	static
../rtt/RTT/SEGGER_RTT.c:1661:5:SEGGER_RTT_ConfigUpBuffer	48	static
../rtt/RTT/SEGGER_RTT.c:1712:5:SEGGER_RTT_ConfigDownBuffer	48	static
../rtt/RTT/SEGGER_RTT.c:1755:5:SEGGER_RTT_SetNameUpBuffer	40	static
../rtt/RTT/SEGGER_RTT.c:1790:5:SEGGER_RTT_SetNameDownBuffer	40	static
../rtt/RTT/SEGGER_RTT.c:1825:5:SEGGER_RTT_SetFlagsUpBuffer	40	static
../rtt/RTT/SEGGER_RTT.c:1860:5:SEGGER_RTT_SetFlagsDownBuffer	40	static
../rtt/RTT/SEGGER_RTT.c:1888:6:SEGGER_RTT_Init	8	static
../rtt/RTT/SEGGER_RTT.c:1909:5:SEGGER_RTT_SetTerminal	40	static
../rtt/RTT/SEGGER_RTT.c:1958:5:SEGGER_RTT_TerminalOut	40	static
../rtt/RTT/SEGGER_RTT.c:2046:10:SEGGER_RTT_GetAvailWriteSpace	24	static
../rtt/RTT/SEGGER_RTT.c:2067:10:SEGGER_RTT_GetBytesInBuffer	32	static
