../NxpNfcRdlib/comps/phKeyStore/src/Sw/phKeyStore_Sw.c:34:12:phKeyStore_Sw_Init	40	static
../NxpNfcRdlib/comps/phKeyStore/src/Sw/phKeyStore_Sw.c:89:12:phKeyStore_Sw_FormatKeyEntry	24	static
../NxpNfcRdlib/comps/phKeyStore/src/Sw/phKeyStore_Sw.c:134:12:phKeyStore_Sw_SetKUC	16	static
../NxpNfcRdlib/comps/phKeyStore/src/Sw/phKeyStore_Sw.c:151:12:phKeyStore_Sw_GetKUC	24	static
../NxpNfcRdlib/comps/phKeyStore/src/Sw/phKeyStore_Sw.c:166:12:phKeyStore_Sw_ChangeKUC	24	static
../NxpNfcRdlib/comps/phKeyStore/src/Sw/phKeyStore_Sw.c:178:12:phKeyStore_Sw_SetConfig	16	static
../NxpNfcRdlib/comps/phKeyStore/src/Sw/phKeyStore_Sw.c:188:12:phKeyStore_Sw_SetConfigStr	24	static
../NxpNfcRdlib/comps/phKeyStore/src/Sw/phKeyStore_Sw.c:199:12:phKeyStore_Sw_GetConfig	24	static
../NxpNfcRdlib/comps/phKeyStore/src/Sw/phKeyStore_Sw.c:209:12:phKeyStore_Sw_GetConfigStr	24	static
../NxpNfcRdlib/comps/phKeyStore/src/Sw/phKeyStore_Sw.c:225:12:phKeyStore_Sw_SetKey	40	static
../NxpNfcRdlib/comps/phKeyStore/src/Sw/phKeyStore_Sw.c:245:12:phKeyStore_Sw_SetKeyAtPos	40	static
../NxpNfcRdlib/comps/phKeyStore/src/Sw/phKeyStore_Sw.c:265:12:phKeyStore_Sw_SetFullKeyEntry	32	static
../NxpNfcRdlib/comps/phKeyStore/src/Sw/phKeyStore_Sw.c:321:12:phKeyStore_Sw_GetKeyEntry	32	static
../NxpNfcRdlib/comps/phKeyStore/src/Sw/phKeyStore_Sw.c:345:12:phKeyStore_Sw_GetKey	32	static
../NxpNfcRdlib/comps/phKeyStore/src/Sw/phKeyStore_Sw.c:369:12:phKeyStore_Sw_GetKeyValuePtrVersion	32	static
../NxpNfcRdlib/comps/phKeyStore/src/Sw/phKeyStore_Sw.c:396:12:phKeyStore_Sw_CheckUpdateKUC	16	static
../NxpNfcRdlib/comps/phKeyStore/src/Sw/phKeyStore_Sw.c:421:12:phKeyStore_Sw_GetKeyValuePtrPos	24	static
