../components/phOsal/src/NullOs/phOsal_NullOs.c:53:12:phOsal_Init	8	static
../components/phOsal/src/NullOs/phOsal_NullOs.c:61:12:phOsal_EventCreate	24	static
../components/phOsal/src/NullOs/phOsal_NullOs.c:82:12:phOsal_EventPend	32	static
../components/phOsal/src/NullOs/phOsal_NullOs.c:147:12:phOsal_EventPost	24	static
../components/phOsal/src/NullOs/phOsal_NullOs.c:175:12:phOsal_EventClear	24	static
../components/phOsal/src/NullOs/phOsal_NullOs.c:199:12:phOsal_EventGet	16	static
../components/phOsal/src/NullOs/phOsal_NullOs.c:212:12:phOsal_EventDelete	16	static
../components/phOsal/src/NullOs/phOsal_NullOs.c:226:12:phOsal_TimerCreate	16	static
../components/phOsal/src/NullOs/phOsal_NullOs.c:231:12:phOsal_TimerStart	16	static
../components/phOsal/src/NullOs/phOsal_NullOs.c:236:12:phOsal_TimerStop	16	static
../components/phOsal/src/NullOs/phOsal_NullOs.c:241:12:phOsal_TimerGetCurrent	16	static
../components/phOsal/src/NullOs/phOsal_NullOs.c:246:12:phOsal_TimerModify	16	static
../components/phOsal/src/NullOs/phOsal_NullOs.c:251:12:phOsal_TimerDelete	16	static
../components/phOsal/src/NullOs/phOsal_NullOs.c:256:12:phOsal_ThreadSecureStack	16	static
../components/phOsal/src/NullOs/phOsal_NullOs.c:261:12:phOsal_ThreadDelete	16	static
../components/phOsal/src/NullOs/phOsal_NullOs.c:266:12:phOsal_ThreadCreate	24	static
../components/phOsal/src/NullOs/phOsal_NullOs.c:271:12:phOsal_ThreadChangePrio	16	static
../components/phOsal/src/NullOs/phOsal_NullOs.c:276:12:phOsal_ThreadExit	8	static
../components/phOsal/src/NullOs/phOsal_NullOs.c:281:12:phOsal_ThreadDelay	16	static
../components/phOsal/src/NullOs/phOsal_NullOs.c:286:12:phOsal_SemCreate	24	static
../components/phOsal/src/NullOs/phOsal_NullOs.c:291:12:phOsal_SemPend	24	static
../components/phOsal/src/NullOs/phOsal_NullOs.c:296:12:phOsal_SemPost	16	static
../components/phOsal/src/NullOs/phOsal_NullOs.c:301:12:phOsal_SemDelete	16	static
../components/phOsal/src/NullOs/phOsal_NullOs.c:306:12:phOsal_MutexCreate	16	static
../components/phOsal/src/NullOs/phOsal_NullOs.c:311:12:phOsal_MutexLock	24	static
../components/phOsal/src/NullOs/phOsal_NullOs.c:316:12:phOsal_MutexUnLock	16	static
../components/phOsal/src/NullOs/phOsal_NullOs.c:321:12:phOsal_MutexDelete	16	static
../components/phOsal/src/NullOs/phOsal_NullOs.c:326:6:phOsal_StartScheduler	4	static
../components/phOsal/src/NullOs/phOsal_NullOs.c:334:19:phOsal_NullOs_ReturnUnsupportedCmd	4	static
../components/phOsal/src/NullOs/phOsal_NullOs.c:339:19:phOsal_NullOs_GetFreeIndex	32	static
../components/phOsal/src/NullOs/phOsal_NullOs.c:362:13:phOsal_NullOsSysTickHandler	8	static
