C:\Users\NobbyXP\Documents\NHS3152\NFC\pnev7642fama_NfcrdlibEx4_MIFAREClassic_Bm_Pub\CMSIS/core_cm33.h:2378:22:__NVIC_EnableIRQ	16	static
C:\Users\NobbyXP\Documents\NHS3152\NFC\pnev7642fama_NfcrdlibEx4_MIFAREClassic_Bm_Pub\CMSIS/core_cm33.h:2416:22:__NVIC_DisableIRQ	16	static
C:\Users\NobbyXP\Documents\NHS3152\NFC\pnev7642fama_NfcrdlibEx4_MIFAREClassic_Bm_Pub\CMSIS/core_cm33.h:2469:22:__NVIC_ClearPendingIRQ	16	static
../drivers/fsl_clock.h:246:20:CLOCK_EnableClock	16	static
../drivers/fsl_clock.h:259:20:CLOCK_DisableClock	16	static
../drivers/fsl_common_arm.h:514:24:EnableIRQ	24	static
../drivers/fsl_common_arm.h:558:24:DisableIRQ	24	static
../drivers/fsl_gpt.h:130:20:GPT_SetPrescalerFactor	16	static
../drivers/fsl_gpt.h:194:20:GPT_ClearTimeoutStatus	16	static
../drivers/fsl_gpt.h:218:20:GPT_EnableTimeoutInterrupt	16	static
../drivers/fsl_gpt.h:236:24:GPT_GetRemainCount	16	static
../drivers/fsl_gpt.c:47:6:GPT_Init	16	static
../drivers/fsl_gpt.c:66:6:GPT_Deinit	16	static
../drivers/fsl_gpt.c:82:6:GPT_StartTimer	24	static
../drivers/fsl_gpt.c:96:6:GPT_StopTimer	16	static
../drivers/fsl_gpt.c:110:6:GPT_MGR_Init	24	static
../drivers/fsl_gpt.c:133:6:GPT_MGR_Deinit	16	static
../drivers/fsl_gpt.c:154:10:GPT_MGR_Request	24	static
../drivers/fsl_gpt.c:188:10:GPT_MGR_Configure	24	static
../drivers/fsl_gpt.c:228:10:GPT_MGR_Start	24	static
../drivers/fsl_gpt.c:271:10:GPT_MGR_Stop	24	static
../drivers/fsl_gpt.c:300:10:GPT_MGR_Restart	24	static
../drivers/fsl_gpt.c:322:10:GPT_MGR_Reset	24	static
../drivers/fsl_gpt.c:349:10:GPT_MGR_Release	16	static
../drivers/fsl_gpt.c:363:10:GPT_MGR_Poll	24	static
../drivers/fsl_gpt.c:393:6:GPT_MGR_IsFree	16	static
../drivers/fsl_gpt.c:407:10:GPT_MGR_ChangeCounterResolution	32	static
../drivers/fsl_gpt.c:436:26:GPT_MGR_GetCounterResolution	4	static
../drivers/fsl_gpt.c:442:6:GPT_DriverIRQHandler	16	static
