C:\Users\NobbyXP\Documents\NHS3152\NFC\pnev7642fama_NfcrdlibEx4_MIFAREClassic_Bm_Pub\CMSIS/core_cm33.h:2378:22:__NVIC_EnableIRQ	16	static
../drivers/fsl_power.c:117:29:GPADC_HandleIRQ	4	static
../drivers/fsl_power.c:122:6:PMU_Init	8	static
../drivers/fsl_power.c:142:6:PMU_VbatMonitorConfig	24	static
../drivers/fsl_power.c:173:10:PMU_UsbVbusCheck	24	static
../drivers/fsl_power.c:227:6:PMU_RegisterCallback	16	static
../drivers/fsl_power.c:232:6:PMU_HandleIRQ	16	static
../drivers/fsl_power.c:307:6:PCRM_IRQHandler	8	static
../drivers/fsl_power.c:313:6:SMU_Init	16	static
../drivers/fsl_power.c:348:6:PCRM_TestBitN	24	static
../drivers/fsl_power.c:362:10:POWER_CheckUsbPower	16	static
