../NxpNfcRdlib/comps/phhalHw/src/PN76xx/phhalHw_PN76xx.c:140:12:phhalHw_Pn76xx_Init	32	static
../NxpNfcRdlib/comps/phhalHw/src/PN76xx/phhalHw_PN76xx.c:228:12:phhalHw_Pn76xx_DeInit	24	static
../NxpNfcRdlib/comps/phhalHw/src/PN76xx/phhalHw_PN76xx.c:280:12:phhalHw_Pn76xx_AsyncAbort	24	static
../NxpNfcRdlib/comps/phhalHw/src/PN76xx/phhalHw_PN76xx.c:291:12:phhalHw_Pn76xx_FieldOn	24	static
../NxpNfcRdlib/comps/phhalHw/src/PN76xx/phhalHw_PN76xx.c:318:12:phhalHw_Pn76xx_FieldOff	24	static
../NxpNfcRdlib/comps/phhalHw/src/PN76xx/phhalHw_PN76xx.c:331:12:phhalHw_Pn76xx_FieldReset	24	static
../NxpNfcRdlib/comps/phhalHw/src/PN76xx/phhalHw_PN76xx.c:369:12:phhalHw_Pn76xx_ApplyProtocolSettings	32	static
../NxpNfcRdlib/comps/phhalHw/src/PN76xx/phhalHw_PN76xx.c:534:12:phhalHw_Pn76xx_SetConfig	64	static
../NxpNfcRdlib/comps/phhalHw/src/PN76xx/phhalHw_PN76xx.c:1195:12:phhalHw_Pn76xx_GetConfig	40	static
../NxpNfcRdlib/comps/phhalHw/src/PN76xx/phhalHw_PN76xx.c:1459:12:phhalHw_Pn76xx_SetListenParameters	56	static
../NxpNfcRdlib/comps/phhalHw/src/PN76xx/phhalHw_PN76xx.c:1495:12:phhalHw_Pn76xx_Exchange	88	static
../NxpNfcRdlib/comps/phhalHw/src/PN76xx/phhalHw_PN76xx.c:1771:12:phhalHw_Pn76xx_Transmit	40	static
../NxpNfcRdlib/comps/phhalHw/src/PN76xx/phhalHw_PN76xx.c:1876:12:phhalHw_Pn76xx_Receive	48	static
../NxpNfcRdlib/comps/phhalHw/src/PN76xx/phhalHw_PN76xx.c:1952:12:phhalHw_Pn76xx_Autocoll	56	static
../NxpNfcRdlib/comps/phhalHw/src/PN76xx/phhalHw_PN76xx.c:2158:12:phhalHw_Pn76xx_Wait	24	static
../NxpNfcRdlib/comps/phhalHw/src/PN76xx/phhalHw_PN76xx.c:2171:12:phhalHw_Pn76xx_LPCD_SetConfig	32	static
../NxpNfcRdlib/comps/phhalHw/src/PN76xx/phhalHw_PN76xx.c:2221:12:phhalHw_Pn76xx_LPCD_GetConfig	32	static
../NxpNfcRdlib/comps/phhalHw/src/PN76xx/phhalHw_PN76xx.c:2257:12:phhalHw_Pn76xx_Lpcd	24	static
../NxpNfcRdlib/comps/phhalHw/src/PN76xx/phhalHw_PN76xx.c:2292:12:phhalHw_Pn76xx_MfcAuthenticateKeyNo	48	static
../NxpNfcRdlib/comps/phhalHw/src/PN76xx/phhalHw_PN76xx.c:2372:12:phhalHw_Pn76xx_MfcAuthenticate	32	static
../NxpNfcRdlib/comps/phhalHw/src/PN76xx/phhalHw_PN76xx.c:2423:12:phhalHw_Pn76xx_I18000p3m3Inventory	64	static
../NxpNfcRdlib/comps/phhalHw/src/PN76xx/phhalHw_PN76xx.c:2605:12:phhalHw_Pn76xx_18000p3m3ResumeInventory	32	static
../NxpNfcRdlib/comps/phhalHw/src/PN76xx/phhalHw_PN76xx.c:2691:12:phhalHw_Pn76xx_EventWait	24	static
../NxpNfcRdlib/comps/phhalHw/src/PN76xx/phhalHw_PN76xx.c:2713:12:phhalHw_Pn76xx_EventConsume	16	static
