../NxpNfcRdlib/comps/phTools/src/phTools_Q.c:62:12:phTools_Q_Init	24	static
../NxpNfcRdlib/comps/phTools/src/phTools_Q.c:104:14:phTools_Q_Receive	32	static
../NxpNfcRdlib/comps/phTools/src/phTools_Q.c:122:14:phTools_Q_Get	24	static
../NxpNfcRdlib/comps/phTools/src/phTools_Q.c:136:21:phTools_Q_PopInt	40	static
../NxpNfcRdlib/comps/phTools/src/phTools_Q.c:179:12:phTools_Q_Release	32	static
../NxpNfcRdlib/comps/phTools/src/phTools_Q.c:207:19:phTools_Q_SendInt	40	static
../NxpNfcRdlib/comps/phTools/src/phTools_Q.c:244:12:phTools_Q_Send	24	static
../NxpNfcRdlib/comps/phTools/src/phTools_Q.c:253:12:phTools_Q_SendFront	24	static
../NxpNfcRdlib/comps/phTools/src/phTools_Q.c:262:13:phTools_Q_Push	32	static
../NxpNfcRdlib/comps/phTools/src/phTools_Q.c:294:6:phTools_Q_DeInit	8	static
